
[--from-s4] Skipping S1-S3 (using existing spatial CSVs)
  V1 spatial: /home/davood/projects/dpg-finance/results/convergence/v1_spatial_primal.csv
  V2 spatial: /home/davood/projects/dpg-finance/results/convergence/v2_spatial_ultraweak.csv

=== S4: Combined comparison CSV ===
  Written: /home/davood/projects/dpg-finance/results/convergence/v1_v2_spatial_combined.csv

=== S5: Temporal convergence ===
  Reading spatial floors from existing spatial sweep CSVs (N_t=5000)...
  V1 floor (N_x=256, N_t=5000 spatial sweep): 3.5666e-01
  V2 floor (N_x=128, N_t=5000 spatial sweep): 9.5257e-02
  eps_v1=3.5666e-01  eps_v2=9.5257e-02
  Written: /home/davood/projects/dpg-finance/results/convergence/temporal_spatial_floor.txt

  primal temporal sweep (N_x=256)
    primal N_x=256 N_t=25
  $ /home/davood/projects/dpg-finance/build/bin/main_european_1d_primal --config /tmp/v1_tmp_05gb7l3j.json --csv-path /home/davood/projects/dpg-finance/results/convergence/_v1_temporal_raw.csv
V1 Galerkin/primal-DPG  |  sigma=0.2 r=0.05 T=1 K=100
b=r-sigma^2/2=0.03  diff=0.02
Mesh: N_x=256  h=0.0234375  N_t=25  dt=0.04
FEM: p=1

H1(1) DOFs: 257
Time loop: 25 steps...

--- Results ---
N_x=256  h=2.3438e-02  L2_err=6.9331e-02  Linf_err=1.3587e-01
ATM_PRICE=1.040410e+01  EXACT_ATM=1.045058e+01
    primal N_x=256 N_t=50
  $ /home/davood/projects/dpg-finance/build/bin/main_european_1d_primal --config /tmp/v1_tmp_09i0kbyw.json --csv-path /home/davood/projects/dpg-finance/results/convergence/_v1_temporal_raw.csv
V1 Galerkin/primal-DPG  |  sigma=0.2 r=0.05 T=1 K=100
b=r-sigma^2/2=0.03  diff=0.02
Mesh: N_x=256  h=0.0234375  N_t=50  dt=0.02
FEM: p=1

H1(1) DOFs: 257
Time loop: 50 steps...

--- Results ---
N_x=256  h=2.3438e-02  L2_err=6.8573e-02  Linf_err=1.3642e-01
ATM_PRICE=1.042502e+01  EXACT_ATM=1.045058e+01
    primal N_x=256 N_t=100
  $ /home/davood/projects/dpg-finance/build/bin/main_european_1d_primal --config /tmp/v1_tmp_ylflgvt1.json --csv-path /home/davood/projects/dpg-finance/results/convergence/_v1_temporal_raw.csv
V1 Galerkin/primal-DPG  |  sigma=0.2 r=0.05 T=1 K=100
b=r-sigma^2/2=0.03  diff=0.02
Mesh: N_x=256  h=0.0234375  N_t=100  dt=0.01
FEM: p=1

H1(1) DOFs: 257
Time loop: 100 steps...

--- Results ---
N_x=256  h=2.3438e-02  L2_err=6.8977e-02  Linf_err=1.3615e-01
ATM_PRICE=1.043558e+01  EXACT_ATM=1.045058e+01
    primal N_x=256 N_t=200
  $ /home/davood/projects/dpg-finance/build/bin/main_european_1d_primal --config /tmp/v1_tmp_0nx4gqj8.json --csv-path /home/davood/projects/dpg-finance/results/convergence/_v1_temporal_raw.csv
V1 Galerkin/primal-DPG  |  sigma=0.2 r=0.05 T=1 K=100
b=r-sigma^2/2=0.03  diff=0.02
Mesh: N_x=256  h=0.0234375  N_t=200  dt=0.005
FEM: p=1

H1(1) DOFs: 257
Time loop: 200 steps...

--- Results ---
N_x=256  h=2.3438e-02  L2_err=4.7597e-02  Linf_err=1.5373e-01
ATM_PRICE=1.043997e+01  EXACT_ATM=1.045058e+01
    primal N_x=256 N_t=400
  $ /home/davood/projects/dpg-finance/build/bin/main_european_1d_primal --config /tmp/v1_tmp_k78z4rz1.json --csv-path /home/davood/projects/dpg-finance/results/convergence/_v1_temporal_raw.csv
V1 Galerkin/primal-DPG  |  sigma=0.2 r=0.05 T=1 K=100
b=r-sigma^2/2=0.03  diff=0.02
Mesh: N_x=256  h=0.0234375  N_t=400  dt=0.0025
FEM: p=1

H1(1) DOFs: 257
Time loop: 400 steps...

--- Results ---
N_x=256  h=2.3438e-02  L2_err=6.5460e-02  Linf_err=1.3885e-01
ATM_PRICE=1.044336e+01  EXACT_ATM=1.045058e+01
    primal N_x=256 N_t=800
  $ /home/davood/projects/dpg-finance/build/bin/main_european_1d_primal --config /tmp/v1_tmp_etpr0lyv.json --csv-path /home/davood/projects/dpg-finance/results/convergence/_v1_temporal_raw.csv
V1 Galerkin/primal-DPG  |  sigma=0.2 r=0.05 T=1 K=100
b=r-sigma^2/2=0.03  diff=0.02
Mesh: N_x=256  h=0.0234375  N_t=800  dt=0.00125
FEM: p=1

H1(1) DOFs: 257
Time loop: 800 steps...

--- Results ---
N_x=256  h=2.3438e-02  L2_err=7.1124e-02  Linf_err=1.3568e-01
ATM_PRICE=1.044480e+01  EXACT_ATM=1.045058e+01

  ultraweak temporal sweep (N_x=128)
    ultraweak N_x=128 N_t=25
  $ mpirun -np 4 /home/davood/projects/dpg-finance/build/bin/main_european_1d_ultraweak_mpi --config /home/davood/projects/dpg-finance/config/european_1d_ultraweak.json --csv-path /home/davood/projects/dpg-finance/results/convergence/_v2_temporal_raw.csv -r 1 --N_t 25
V2 Ultraweak DPG (quasi-2D, MPI)
  sigma=0.2 r=0.05 T=1 K=100
  b=r-sigma^2/2=0.03  diff=0.02
  Mesh: N_x=128 h=0.046875  N_t=25  dt=0.04
  FEM: p=2  delta_p=1

Trial DOFs: u=512 sigma=1024 hatu=643 hatf=770

Time loop: 25 steps...

--- Results ---
N_x=128  h=4.6875e-02  L2_err=4.1001e-02  Linf_err=4.4951e-01
Delta_L2=1.4490e-03  Delta_Linf=2.3392e-03
Gamma_L2=2.2037e-04  Gamma_Linf=3.9972e-04
ATM_PRICE=1.055715e+01  EXACT_ATM=1.045058e+01
Delta CSV: results/greeks/v2_delta_ultraweak.csv
    ultraweak N_x=128 N_t=50
  $ mpirun -np 4 /home/davood/projects/dpg-finance/build/bin/main_european_1d_ultraweak_mpi --config /home/davood/projects/dpg-finance/config/european_1d_ultraweak.json --csv-path /home/davood/projects/dpg-finance/results/convergence/_v2_temporal_raw.csv -r 1 --N_t 50
V2 Ultraweak DPG (quasi-2D, MPI)
  sigma=0.2 r=0.05 T=1 K=100
  b=r-sigma^2/2=0.03  diff=0.02
  Mesh: N_x=128 h=0.046875  N_t=50  dt=0.02
  FEM: p=2  delta_p=1

Trial DOFs: u=512 sigma=1024 hatu=643 hatf=770

Time loop: 50 steps...

--- Results ---
N_x=128  h=4.6875e-02  L2_err=3.2360e-02  Linf_err=3.1235e-01
Delta_L2=9.9802e-04  Delta_Linf=1.7039e-03
Gamma_L2=1.8437e-04  Gamma_Linf=3.4910e-04
ATM_PRICE=1.055240e+01  EXACT_ATM=1.045058e+01
Delta CSV: results/greeks/v2_delta_ultraweak.csv
    ultraweak N_x=128 N_t=100
  $ mpirun -np 4 /home/davood/projects/dpg-finance/build/bin/main_european_1d_ultraweak_mpi --config /home/davood/projects/dpg-finance/config/european_1d_ultraweak.json --csv-path /home/davood/projects/dpg-finance/results/convergence/_v2_temporal_raw.csv -r 1 --N_t 100
V2 Ultraweak DPG (quasi-2D, MPI)
  sigma=0.2 r=0.05 T=1 K=100
  b=r-sigma^2/2=0.03  diff=0.02
  Mesh: N_x=128 h=0.046875  N_t=100  dt=0.01
  FEM: p=2  delta_p=1

Trial DOFs: u=512 sigma=1024 hatu=643 hatf=770

Time loop: 100 steps...

--- Results ---
N_x=128  h=4.6875e-02  L2_err=3.3718e-02  Linf_err=3.5301e-01
Delta_L2=7.6053e-04  Delta_Linf=1.3817e-03
Gamma_L2=1.6382e-04  Gamma_Linf=3.1597e-04
ATM_PRICE=1.054976e+01  EXACT_ATM=1.045058e+01
Delta CSV: results/greeks/v2_delta_ultraweak.csv
    ultraweak N_x=128 N_t=200
  $ mpirun -np 4 /home/davood/projects/dpg-finance/build/bin/main_european_1d_ultraweak_mpi --config /home/davood/projects/dpg-finance/config/european_1d_ultraweak.json --csv-path /home/davood/projects/dpg-finance/results/convergence/_v2_temporal_raw.csv -r 1 --N_t 200
V2 Ultraweak DPG (quasi-2D, MPI)
  sigma=0.2 r=0.05 T=1 K=100
  b=r-sigma^2/2=0.03  diff=0.02
  Mesh: N_x=128 h=0.046875  N_t=200  dt=0.005
  FEM: p=2  delta_p=1

Trial DOFs: u=512 sigma=1024 hatu=643 hatf=770

Time loop: 200 steps...

--- Results ---
N_x=128  h=4.6875e-02  L2_err=4.3257e-02  Linf_err=4.9564e-01
Delta_L2=6.4435e-04  Delta_Linf=1.1805e-03
Gamma_L2=1.5305e-04  Gamma_Linf=2.9786e-04
ATM_PRICE=1.054932e+01  EXACT_ATM=1.045058e+01
Delta CSV: results/greeks/v2_delta_ultraweak.csv
    ultraweak N_x=128 N_t=400
  $ mpirun -np 4 /home/davood/projects/dpg-finance/build/bin/main_european_1d_ultraweak_mpi --config /home/davood/projects/dpg-finance/config/european_1d_ultraweak.json --csv-path /home/davood/projects/dpg-finance/results/convergence/_v2_temporal_raw.csv -r 1 --N_t 400
V2 Ultraweak DPG (quasi-2D, MPI)
  sigma=0.2 r=0.05 T=1 K=100
  b=r-sigma^2/2=0.03  diff=0.02
  Mesh: N_x=128 h=0.046875  N_t=400  dt=0.0025
  FEM: p=2  delta_p=1

Trial DOFs: u=512 sigma=1024 hatu=643 hatf=770

Time loop: 400 steps...

--- Results ---
N_x=128  h=4.6875e-02  L2_err=5.8317e-02  Linf_err=6.6944e-01
Delta_L2=5.9028e-04  Delta_Linf=1.0730e-03
Gamma_L2=1.4825e-04  Gamma_Linf=2.9093e-04
ATM_PRICE=1.055153e+01  EXACT_ATM=1.045058e+01
Delta CSV: results/greeks/v2_delta_ultraweak.csv
    ultraweak N_x=128 N_t=800
  $ mpirun -np 4 /home/davood/projects/dpg-finance/build/bin/main_european_1d_ultraweak_mpi --config /home/davood/projects/dpg-finance/config/european_1d_ultraweak.json --csv-path /home/davood/projects/dpg-finance/results/convergence/_v2_temporal_raw.csv -r 1 --N_t 800
V2 Ultraweak DPG (quasi-2D, MPI)
  sigma=0.2 r=0.05 T=1 K=100
  b=r-sigma^2/2=0.03  diff=0.02
  Mesh: N_x=128 h=0.046875  N_t=800  dt=0.00125
  FEM: p=2  delta_p=1

Trial DOFs: u=512 sigma=1024 hatu=643 hatf=770

Time loop: 800 steps...

--- Results ---
N_x=128  h=4.6875e-02  L2_err=7.3490e-02  Linf_err=8.3622e-01
Delta_L2=5.6660e-04  Delta_Linf=1.0290e-03
Gamma_L2=1.4678e-04  Gamma_Linf=2.9136e-04
ATM_PRICE=1.055469e+01  EXACT_ATM=1.045058e+01
Delta CSV: results/greeks/v2_delta_ultraweak.csv

  Written: /home/davood/projects/dpg-finance/results/convergence/v1_v2_temporal.csv

=== Acceptance check ===
  Primal spatial EOC range (positive): 1.706 - 3.178
  [PASS] Primal EOC > 1.5
  Ultraweak spatial EOC range (positive): 1.744 - 1.859
  [PASS] Ultraweak EOC > 1.3

Session 1 acceptance: PASS

Done. Next: python3 scripts/plot_european_convergence.py
      Then: python3 scripts/generate_table_european.py
